// Jest Snapshot v1, https://goo.gl/fbAQLP

exports[`snapshot 1`] = `
<View
  onLayout={[Function]}
  style={
    [
      {
        "flex": 1,
      },
      {
        "paddingBottom": 0,
      },
    ]
  }
>
  <View
    style={
      {
        "flex": 1,
        "justifyContent": "center",
        "paddingHorizontal": 20,
      }
    }
  >
    <Text
      style={
        {
          "fontSize": 24,
          "fontWeight": "700",
          "marginBottom": 20,
        }
      }
      testID="testText"
    />
    <View>
      <Text>
        User name
      </Text>
      <TextInput
        onChangeText={[Function]}
        style={
          {
            "borderColor": "#D9D9D9D9",
            "borderRadius": 6,
            "borderWidth": 1,
            "fontSize": 14,
            "fontWeight": "400",
            "marginBottom": 20,
            "marginTop": 4,
            "paddingHorizontal": 10,
            "paddingVertical": 10,
          }
        }
        testID="userNameText"
        value=""
      />
    </View>
    <View>
      <Text>
        Password
      </Text>
      <TextInput
        onChangeText={[Function]}
        style={
          {
            "borderColor": "#D9D9D9D9",
            "borderRadius": 6,
            "borderWidth": 1,
            "fontSize": 14,
            "fontWeight": "400",
            "marginBottom": 20,
            "marginTop": 4,
            "paddingHorizontal": 10,
            "paddingVertical": 10,
          }
        }
        testID="passwordText"
        value=""
      />
    </View>
    <View
      accessibilityState={
        {
          "busy": undefined,
          "checked": undefined,
          "disabled": undefined,
          "expanded": undefined,
          "selected": undefined,
        }
      }
      accessibilityValue={
        {
          "max": undefined,
          "min": undefined,
          "now": undefined,
          "text": undefined,
        }
      }
      accessible={true}
      collapsable={false}
      focusable={true}
      onClick={[Function]}
      onResponderGrant={[Function]}
      onResponderMove={[Function]}
      onResponderRelease={[Function]}
      onResponderTerminate={[Function]}
      onResponderTerminationRequest={[Function]}
      onStartShouldSetResponder={[Function]}
      style={
        {
          "alignItems": "center",
          "backgroundColor": "#213960",
          "borderRadius": 6,
          "justifyContent": "center",
          "opacity": 1,
          "paddingHorizontal": 10,
          "paddingVertical": 10,
        }
      }
      testID="buttonLogin"
    >
      <Text
        style={
          {
            "color": "#FFFFFF",
            "fontSize": 16,
            "fontWeight": "600",
          }
        }
      >
        Login
      </Text>
    </View>
  </View>
</View>
`;
